../Core/Src/main.c:69:8:ln	16	static
../Core/Src/main.c:73:5:__io_putchar	16	static
../Core/Src/main.c:79:7:ComputeTemperature	56	static
../Core/Src/main.c:96:5:main	48	static
../Core/Src/main.c:157:6:SystemClock_Config	96	static
../Core/Src/main.c:218:13:MX_ADC1_Init	32	static
../Core/Src/main.c:276:13:MX_I2C1_Init	8	static
../Core/Src/main.c:324:13:MX_USART2_UART_Init	8	static
../Core/Src/main.c:359:13:MX_GPIO_Init	40	static
../Core/Src/main.c:398:6:Error_Handler	4	static,ignoring_inline_asm
